10:32:13 **** Incremental Build of configuration Debug for project V2X_OBU ****
make -j8 all 
arm-none-eabi-size  V2X_OBU.elf 
   text	   data	    bss	    dec	    hex	filename
  16936	    104	   2008	  19048	   4a68	V2X_OBU.elf
Finished building: default.size.stdout
 
10:32:22 **** Incremental Build of configuration Debug for project V2X_OBU ****
make -j8 all 
arm-none-eabi-size  V2X_OBU.elf 
   text	   data	    bss	    dec	    hex	filename
  16936	    104	   2008	  19048	   4a68	V2X_OBU.elf
Finished building: default.size.stdout
 
10:53:00 **** Incremental Build of configuration Debug for project V2X_OBU ****
make -j8 all 
arm-none-eabi-size  V2X_OBU.elf 
   text	   data	    bss	    dec	    hex	filename
  16936	    104	   2008	  19048	   4a68	V2X_OBU.elf
Finished building: default.size.stdout
 
