15:46:33 **** Incremental Build of configuration Debug for project UART_Test ****
make -j8 all 
arm-none-eabi-gcc "../Core/Src/main.c" -mcpu=cortex-m4 -std=gnu11 -g3 -DDEBUG -DUSE_NUCLEO_64 -DUSE_HAL_DRIVER -DSTM32WB55xx -c -I../Core/Inc -I../Drivers/STM32WBxx_HAL_Driver/Inc -I../Drivers/STM32WBxx_HAL_Driver/Inc/Legacy -I../Drivers/BSP/P-NUCLEO-WB55.Nucleo -I../Drivers/CMSIS/Device/ST/STM32WBxx/Include -I../Drivers/CMSIS/Include -O0 -ffunction-sections -fdata-sections -Wall -fstack-usage -fcyclomatic-complexity -MMD -MP -MF"Core/Src/main.d" -MT"Core/Src/main.o" --specs=nano.specs -mfpu=fpv4-sp-d16 -mfloat-abi=hard -mthumb -o "Core/Src/main.o"
arm-none-eabi-gcc -o "UART_Test.elf" @"objects.list"   -mcpu=cortex-m4 -T"/home/elhaloua/ESP_projects/V2X_project/STM32_Code/UART_Test/STM32WB55RGVX_FLASH.ld" --specs=nosys.specs -Wl,-Map="UART_Test.map" -Wl,--gc-sections -static --specs=nano.specs -mfpu=fpv4-sp-d16 -mfloat-abi=hard -mthumb -Wl,--start-group -lc -lm -Wl,--end-group
Finished building target: UART_Test.elf
 
arm-none-eabi-size  UART_Test.elf 
arm-none-eabi-objdump -h -S UART_Test.elf  > "UART_Test.list"
   text	   data	    bss	    dec	    hex	filename
  17328	     28	   1884	  19240	   4b28	UART_Test.elf
Finished building: default.size.stdout
 
Finished building: UART_Test.list
 

15:46:35 Build Finished. 0 errors, 0 warnings. (took 2s.389ms)

