../Drivers/CMSIS/Include/core_cm4.h:2059:26:ITM_SendChar	16	static,ignoring_inline_asm
../Drivers/STM32WBxx_HAL_Driver/Inc/stm32wbxx_ll_bus.h:539:22:LL_AHB2_GRP1_EnableClock	24	static
../Core/Src/main.c:97:9:ValidateReceivedData	24	static
../Core/Src/main.c:112:5:main	8	static
../Core/Src/main.c:211:6:SystemClock_Config	112	static
../Core/Src/main.c:257:6:PeriphCommonClock_Config	88	static
../Core/Src/main.c:280:13:MX_LPUART1_UART_Init	8	static
../Core/Src/main.c:328:13:MX_GPIO_Init	32	static
../Core/Src/main.c:365:5:_write	32	static
../Core/Src/main.c:384:6:StartSenderTask	88	static
../Core/Src/main.c:440:6:StartTskUART	24	static
../Core/Src/main.c:489:6:HAL_TIM_PeriodElapsedCallback	16	static
../Core/Src/main.c:505:6:Error_Handler	4	static,ignoring_inline_asm
