../Drivers/CMSIS/Include/core_cm4.h:2059:26:ITM_SendChar	16	static,ignoring_inline_asm
../Drivers/STM32WBxx_HAL_Driver/Inc/stm32wbxx_ll_bus.h:539:22:LL_AHB2_GRP1_EnableClock	24	static
../Core/Src/main.c:87:5:main	16	static
../Core/Src/main.c:184:6:SystemClock_Config	112	static
../Core/Src/main.c:230:6:PeriphCommonClock_Config	88	static
../Core/Src/main.c:254:13:MX_SPI1_Init	8	static
../Core/Src/main.c:293:13:MX_GPIO_Init	32	static
../Core/Src/main.c:338:5:_write	32	static
../Core/Src/main.c:349:6:HAL_SPI_RxCpltCallback	48	static
../Core/Src/main.c:389:6:Error_Handler	4	static,ignoring_inline_asm
