../Drivers/CMSIS/Include/core_cm4.h:2059:26:ITM_SendChar	16	static,ignoring_inline_asm
../Drivers/STM32WBxx_HAL_Driver/Inc/stm32wbxx_ll_bus.h:539:22:LL_AHB2_GRP1_EnableClock	24	static
../Core/Src/main.c:96:9:ValidateReceivedData	24	static
../Core/Src/main.c:114:5:main	8	static
../Core/Src/main.c:216:6:SystemClock_Config	112	static
../Core/Src/main.c:262:6:PeriphCommonClock_Config	88	static
../Core/Src/main.c:285:13:MX_SPI1_Init	8	static
../Core/Src/main.c:321:13:MX_GPIO_Init	32	static
../Core/Src/main.c:364:5:_write	32	static
../Core/Src/main.c:383:6:StartSenderTask	24	static
../Core/Src/main.c:403:6:StartTskSPI	24	static
../Core/Src/main.c:444:6:StartTskQueueCtl	64	static
../Core/Src/main.c:478:6:HAL_TIM_PeriodElapsedCallback	16	static
../Core/Src/main.c:494:6:Error_Handler	4	static,ignoring_inline_asm
