../Drivers/CMSIS/Include/core_cm4.h:2059:26:ITM_SendChar	16	static,ignoring_inline_asm
../Drivers/STM32WBxx_HAL_Driver/Inc/stm32wbxx_ll_bus.h:539:22:LL_AHB2_GRP1_EnableClock	24	static
../Core/Src/main.c:80:6:RestartSPIReception	16	static
../Core/Src/main.c:91:9:ValidateReceivedData	24	static
../Core/Src/main.c:108:5:main	56	static
../Core/Src/main.c:227:6:SystemClock_Config	112	static
../Core/Src/main.c:273:6:PeriphCommonClock_Config	88	static
../Core/Src/main.c:297:13:MX_SPI1_Init	8	static
../Core/Src/main.c:336:13:MX_GPIO_Init	32	static
../Core/Src/main.c:381:5:_write	32	static
../Core/Src/main.c:392:6:HAL_SPI_RxCpltCallback	48	static
../Core/Src/main.c:422:6:Error_Handler	4	static,ignoring_inline_asm
