../Drivers/CMSIS/Include/core_cm4.h:2059:26:ITM_SendChar	16	static,ignoring_inline_asm
../Drivers/STM32WBxx_HAL_Driver/Inc/stm32wbxx_ll_bus.h:539:22:LL_AHB2_GRP1_EnableClock	24	static
../Core/Src/main.c:124:23:ValidateReceivedData	24	static
../Core/Src/main.c:134:23:ValidateReceivedCANData	16	static
../Core/Src/main.c:138:13:PrintMAC	40	static
../Core/Src/main.c:145:13:PrintCANData	24	static
../Core/Src/main.c:156:13:parseTwizyFrame	120	static
../Core/Src/main.c:248:5:main	8	static
../Core/Src/main.c:328:6:SystemClock_Config	112	static
../Core/Src/main.c:369:6:PeriphCommonClock_Config	88	static
../Core/Src/main.c:389:13:MX_LPUART1_UART_Init	8	static
../Core/Src/main.c:430:13:MX_USART1_UART_Init	8	static
../Core/Src/main.c:471:13:MX_GPIO_Init	32	static
../Core/Src/main.c:502:5:_write	32	static
../Core/Src/main.c:520:6:StartSenderTask	112	static
../Core/Src/main.c:571:6:StartTskUART	24	static
../Core/Src/main.c:617:6:StartSenderTask2	32	static
../Core/Src/main.c:644:6:StartTskUART2	24	static
../Core/Src/main.c:692:6:HAL_TIM_PeriodElapsedCallback	16	static
../Core/Src/main.c:707:6:Error_Handler	4	static,ignoring_inline_asm
