../Drivers/CMSIS/Include/core_cm4.h:2059:26:ITM_SendChar	16	static,ignoring_inline_asm
../Drivers/STM32WBxx_HAL_Driver/Inc/stm32wbxx_ll_bus.h:539:22:LL_AHB2_GRP1_EnableClock	24	static
../Core/Src/main.c:131:9:ValidateReceivedData	24	static
../Core/Src/main.c:142:9:ValidateReceivedCANData	16	static
../Core/Src/main.c:154:5:main	8	static
../Core/Src/main.c:253:6:SystemClock_Config	112	static
../Core/Src/main.c:299:6:PeriphCommonClock_Config	88	static
../Core/Src/main.c:322:13:MX_LPUART1_UART_Init	8	static
../Core/Src/main.c:370:13:MX_USART1_UART_Init	8	static
../Core/Src/main.c:418:13:MX_GPIO_Init	32	static
../Core/Src/main.c:455:5:_write	32	static
../Core/Src/main.c:475:6:StartSenderTask	88	static
../Core/Src/main.c:532:6:StartTskUART	24	static
../Core/Src/main.c:582:6:StartSenderTask2	48	static
../Core/Src/main.c:612:6:StartTskUART2	24	static
../Core/Src/main.c:659:6:HAL_TIM_PeriodElapsedCallback	16	static
../Core/Src/main.c:675:6:Error_Handler	4	static,ignoring_inline_asm
