../Drivers/CMSIS/Include/core_cm4.h:2059:26:ITM_SendChar	16	static,ignoring_inline_asm
../Drivers/STM32WBxx_HAL_Driver/Inc/stm32wbxx_ll_bus.h:539:22:LL_AHB2_GRP1_EnableClock	24	static
../Core/Src/main.c:123:23:ValidateReceivedData	24	static
../Core/Src/main.c:133:23:ValidateReceivedCANData	16	static
../Core/Src/main.c:137:13:PrintMAC	40	static
../Core/Src/main.c:142:13:PrintCANData	24	static
../Core/Src/main.c:152:13:parseTwizyFrame	120	static
../Core/Src/main.c:254:13:StartUARTInterrupts	8	static
../Core/Src/main.c:273:5:main	8	static
../Core/Src/main.c:354:6:SystemClock_Config	112	static
../Core/Src/main.c:402:6:PeriphCommonClock_Config	88	static
../Core/Src/main.c:422:13:MX_LPUART1_UART_Init	8	static
../Core/Src/main.c:463:13:MX_USART1_UART_Init	8	static
../Core/Src/main.c:504:13:MX_GPIO_Init	32	static
../Core/Src/main.c:535:5:_write	32	static
../Core/Src/main.c:547:6:HAL_UART_RxCpltCallback	24	static,ignoring_inline_asm
../Core/Src/main.c:579:6:HAL_UART_ErrorCallback	16	static
../Core/Src/main.c:609:6:StartSenderTask	112	static
../Core/Src/main.c:662:6:StartTskUART	16	static
../Core/Src/main.c:687:6:StartSenderTask2	32	static
../Core/Src/main.c:713:6:StartTskUART2	16	static
../Core/Src/main.c:739:6:HAL_TIM_PeriodElapsedCallback	16	static
../Core/Src/main.c:754:6:Error_Handler	4	static,ignoring_inline_asm
