../Drivers/CMSIS/Include/core_cm4.h:2059:26:ITM_SendChar	16	static,ignoring_inline_asm
../Drivers/STM32WBxx_HAL_Driver/Inc/stm32wbxx_ll_bus.h:539:22:LL_AHB2_GRP1_EnableClock	24	static
../Core/Src/main.c:94:9:ValidateReceivedData	24	static
../Core/Src/main.c:109:5:main	8	static
../Core/Src/main.c:208:6:SystemClock_Config	112	static
../Core/Src/main.c:254:6:PeriphCommonClock_Config	88	static
../Core/Src/main.c:277:13:MX_LPUART1_UART_Init	8	static
../Core/Src/main.c:325:13:MX_GPIO_Init	32	static
../Core/Src/main.c:362:5:_write	32	static
../Core/Src/main.c:381:6:StartSenderTask	88	static
../Core/Src/main.c:438:6:StartTskUART	24	static
../Core/Src/main.c:486:6:HAL_TIM_PeriodElapsedCallback	16	static
../Core/Src/main.c:502:6:Error_Handler	4	static,ignoring_inline_asm
